
> yuragi-workspace@0.2.0 build
> npm run build:lib && npm run build --workspace @yuragi/site


> yuragi-workspace@0.2.0 build:lib
> node scripts/sync-mirea-model.mjs && npm run build --workspace @yuragi/rig && npm run build --workspace @yuragi/studio-app


> @yuragi/rig@0.2.0 build
> tsc -p tsconfig.json


> @yuragi/studio-app@0.2.0 build
> vue-tsc --noEmit && vite build

vite v7.3.6 building client environment for production...
transforming...
✓ 1553 modules transformed.
rendering chunks...
computing gzip size...
../../packages/rig/studio/index.html                                      0.40 kB │ gzip:  0.28 kB
../../packages/rig/studio/assets/yuragi-katakana-web-v1-Ca9fZ4W3.png    369.50 kB
../../packages/rig/studio/assets/SourceHanSansJP-VF-p70kIShT.woff2    4,294.52 kB
../../packages/rig/studio/assets/SourceHanSansTW-VF-Dt19L9tQ.woff2    5,396.17 kB
../../packages/rig/studio/assets/index-C6XYa_zu.css                      13.98 kB │ gzip:  3.63 kB
../../packages/rig/studio/assets/index-Dn9ILUVJ.js                      247.88 kB │ gzip: 82.36 kB
✓ built in 1.79s

> @yuragi/site@0.2.0 prebuild
> node ../../scripts/sync-skills.mjs

API catalogue: 91 callable pages, 48 types/constants
Prepared Yuragi skills: yuragi-character, yuragi-rig-spec

> @yuragi/site@0.2.0 build
> vue-tsc --noEmit && vite build

vite v7.3.6 building client environment for production...
transforming...
✓ 1685 modules transformed.
rendering chunks...
computing gzip size...
dist/index.html                            0.70 kB │ gzip:   0.49 kB
dist/assets/Docs-P4xYhD6N.css              1.58 kB │ gzip:   0.62 kB
dist/assets/DropdownSelect-DIiYrdwv.css    2.26 kB │ gzip:   0.75 kB
dist/assets/Api-BUQWiUff.css               3.12 kB │ gzip:   0.94 kB
dist/assets/Playground-CHpY59wm.css       11.22 kB │ gzip:   2.71 kB
dist/assets/index-Bo1R-Hmw.css           103.45 kB │ gzip:  20.79 kB
dist/assets/DropdownSelect-B9IDmipr.js     3.41 kB │ gzip:   1.54 kB
dist/assets/Playground-B8KAVhWj.js        31.17 kB │ gzip:  11.42 kB
dist/assets/ScrollTrigger-BrDuEirF.js     43.55 kB │ gzip:  18.05 kB
dist/assets/index-D4-8ALNT.js             70.43 kB │ gzip:  27.61 kB
dist/assets/Docs-BEtgDf58.js             126.37 kB │ gzip:  41.53 kB
dist/assets/Api-CuXI_7eI.js              191.52 kB │ gzip:  39.58 kB
dist/assets/ReactExample-Bo3qOnyc.js     224.26 kB │ gzip:  70.20 kB
dist/assets/index-CYXlOGxt.js            515.33 kB │ gzip: 177.17 kB

(!) Some chunks are larger than 500 kB after minification. Consider:
- Using dynamic import() to code-split the application
- Use build.rollupOptions.output.manualChunks to improve chunking: https://rollupjs.org/configuration-options/#output-manualchunks
- Adjust chunk size limit for this warning via build.chunkSizeWarningLimit.
✓ built in 3.80s
